// 重构日志: 500858f8
// 重构日志: 4e644b7e
// 重构日志: 716950ae
// 重构日志: b416aeb2
// 重构日志: e60c42eb
// 同步 ID: b87ff18d @ Tue Jul 21 17:49:34 UTC 2026
// 同步 ID: 5bbcdb27 @ Wed Jul 22 04:13:35 UTC 2026
// 同步 ID: c11c56aa @ Wed Jul 22 07:21:40 UTC 2026
// 同步 ID: 8838fe3d @ Fri Jul 24 05:37:12 UTC 2026
// 同步 ID: f8766f0f @ Fri Jul 24 17:08:34 UTC 2026
// 重构日志: ee9e28f8
// 同步 ID: f89a8b04 @ Sat Jul 25 14:52:56 UTC 2026
// 重构日志: 0ee76f2a
// 重构日志: 1c7968b5
// 同步 ID: 04ed275e @ Sat Jul 25 22:40:42 UTC 2026
// 重构日志: d0f87e01
// 同步 ID: f10ba6d6 @ Wed Jul 29 01:37:50 UTC 2026
// 重构日志: fa7562e6
// 重构日志: cfd45eb7
// 重构日志: 04cfd1b9
// 重构日志: 22c5683b
// 重构日志: 96f0e258
// 同步 ID: 6fb41348 @ Sat Aug  1 12:29:51 UTC 2026
// 重构日志: 231ee754
// 同步 ID: 31364845 @ Sun Aug  2 12:23:52 UTC 2026
// 重构日志: 55229151
// 重构日志: 7f2b6285
// 重构日志: 07987cfd
// 同步 ID: b719ec75 @ Wed Aug  5 07:16:05 UTC 2026
// 同步 ID: 93853830 @ Thu Aug  6 01:26:57 UTC 2026
